../Core/Src/main.c:98:6:Vrefint_init	40	static
../Core/Src/main.c:152:12:GetVref	16	static
../Core/Src/main.c:178:12:FADC_Get_VRMS	40	static
../Core/Src/main.c:225:6:HAL_ADC_ConvCpltCallback	16	static
../Core/Src/main.c:242:5:main	40	static
../Core/Src/main.c:346:6:SystemClock_Config	88	static
../Core/Src/main.c:392:13:MX_ADC1_Init	24	static
../Core/Src/main.c:450:13:MX_TIM1_Init	40	static
../Core/Src/main.c:497:13:MX_GPIO_Init	48	static
../Core/Src/main.c:551:6:Error_Handler	8	static,ignoring_inline_asm
