../Core/Src/main.c:99:1:__io_putchar	16	static
../Core/Src/main.c:105:6:Vrefint_init	40	static
../Core/Src/main.c:182:12:FADC_Get_VRMS	56	static
../Core/Src/main.c:232:6:HAL_ADC_ConvCpltCallback	16	static
../Core/Src/main.c:246:5:main	8	static
../Core/Src/main.c:297:6:SystemClock_Config	88	static
../Core/Src/main.c:338:13:MX_ADC1_Init	24	static
../Core/Src/main.c:414:13:MX_USART2_UART_Init	8	static
../Core/Src/main.c:448:13:MX_DMA_Init	16	static
../Core/Src/main.c:466:13:MX_GPIO_Init	16	static
../Core/Src/main.c:486:6:Error_Handler	8	static,ignoring_inline_asm
