../Core/Src/main.c:102:1:__io_putchar	16	static
../Core/Src/main.c:108:6:Vrefint_init	40	static
../Core/Src/main.c:185:12:FADC_Get_VRMS	56	static
../Core/Src/main.c:235:6:HAL_ADC_ConvCpltCallback	16	static
../Core/Src/main.c:249:5:main	8	static
../Core/Src/main.c:301:6:SystemClock_Config	88	static
../Core/Src/main.c:347:13:MX_ADC1_Init	24	static
../Core/Src/main.c:423:13:MX_TIM1_Init	40	static
../Core/Src/main.c:470:13:MX_USART2_UART_Init	8	static
../Core/Src/main.c:504:13:MX_DMA_Init	16	static
../Core/Src/main.c:522:13:MX_GPIO_Init	56	static
../Core/Src/main.c:573:6:Error_Handler	8	static,ignoring_inline_asm
