../Core/Src/main.c:105:6:Vrefint_init	40	static
../Core/Src/main.c:159:12:GetVref	16	static
../Core/Src/main.c:185:12:FADC_Get_VRMS	56	static
../Core/Src/main.c:240:6:HAL_ADC_ConvCpltCallback	16	static
../Core/Src/main.c:251:6:HAL_ADC_ErrorCallback	16	static
../Core/Src/main.c:267:5:main	32	static
../Core/Src/main.c:370:6:SystemClock_Config	88	static
../Core/Src/main.c:416:13:MX_ADC1_Init	24	static
../Core/Src/main.c:492:13:MX_TIM1_Init	40	static
../Core/Src/main.c:537:13:MX_DMA_Init	16	static
../Core/Src/main.c:555:13:MX_GPIO_Init	48	static
../Core/Src/main.c:609:6:Error_Handler	8	static,ignoring_inline_asm
