14:14:24 **** Incremental Build of configuration Debug for project Lcdtest_VRMS ****
make -j12 all 
arm-none-eabi-gcc "../Core/Src/main.c" -mcpu=cortex-m0plus -std=gnu11 -g3 -DDEBUG -DUSE_HAL_DRIVER -DSTM32G030xx -c -I../Core/Inc -I../Drivers/STM32G0xx_HAL_Driver/Inc -I../Drivers/STM32G0xx_HAL_Driver/Inc/Legacy -I../Drivers/CMSIS/Device/ST/STM32G0xx/Include -I../Drivers/CMSIS/Include -O0 -ffunction-sections -fdata-sections -Wall -fstack-usage -fcyclomatic-complexity -MMD -MP -MF"Core/Src/main.d" -MT"Core/Src/main.o" --specs=nano.specs -mfloat-abi=soft -mthumb -o "Core/Src/main.o"
arm-none-eabi-gcc -o "Lcdtest_VRMS.elf" @"objects.list"   -mcpu=cortex-m0plus -T"D:\Servo Card\Lcdtest_VRMS\STM32G030C6TX_FLASH.ld" --specs=nosys.specs -Wl,-Map="Lcdtest_VRMS.map" -Wl,--gc-sections -static --specs=nano.specs -mfloat-abi=soft -mthumb -Wl,--start-group -lc -lm -Wl,--end-group
Finished building target: Lcdtest_VRMS.elf
 
arm-none-eabi-size   Lcdtest_VRMS.elf 
arm-none-eabi-objdump -h -S  Lcdtest_VRMS.elf  > "Lcdtest_VRMS.list"
   text	   data	    bss	    dec	    hex	filename
  18488	    100	   2700	  21288	   5328	Lcdtest_VRMS.elf
Finished building: default.size.stdout
 
Finished building: Lcdtest_VRMS.list
 

14:14:25 Build Finished. 0 errors, 0 warnings. (took 1s.33ms)

