11:10:49 **** Incremental Build of configuration Debug for project servo_G070CBT6 ****
make -j12 all 
arm-none-eabi-gcc "../Core/Src/main.c" -mcpu=cortex-m0plus -std=gnu11 -g3 -DDEBUG -DUSE_HAL_DRIVER -DSTM32G070xx -c -I../Core/Inc -I../Drivers/STM32G0xx_HAL_Driver/Inc -I../Drivers/STM32G0xx_HAL_Driver/Inc/Legacy -I../Drivers/CMSIS/Device/ST/STM32G0xx/Include -I../Drivers/CMSIS/Include -O0 -ffunction-sections -fdata-sections -Wall -fstack-usage -fcyclomatic-complexity -MMD -MP -MF"Core/Src/main.d" -MT"Core/Src/main.o" --specs=nano.specs -mfloat-abi=soft -mthumb -o "Core/Src/main.o"
arm-none-eabi-gcc -o "servo_G070CBT6.elf" @"objects.list"   -mcpu=cortex-m0plus -T"D:\Servo Card\servo_G070CBT6\STM32G070CBTX_FLASH.ld" --specs=nosys.specs -Wl,-Map="servo_G070CBT6.map" -Wl,--gc-sections -static --specs=nano.specs -mfloat-abi=soft -mthumb -Wl,--start-group -lc -lm -Wl,--end-group
Finished building target: servo_G070CBT6.elf
 
arm-none-eabi-size   servo_G070CBT6.elf 
arm-none-eabi-objdump -h -S  servo_G070CBT6.elf  > "servo_G070CBT6.list"
   text	   data	    bss	    dec	    hex	filename
  27504	    128	   2864	  30496	   7720	servo_G070CBT6.elf
Finished building: default.size.stdout
 
Finished building: servo_G070CBT6.list
 

11:10:51 Build Finished. 0 errors, 0 warnings. (took 1s.958ms)

